
> portfolio-2@0.0.0 build
> tsc -b && vite build

src/components/canvas/FluidBackground.tsx(19,11): error TS2353: Object literal may only specify known properties, and 'easeFunction' does not exist in type 'Transition<any>'.
